PASS Stage 4 protected baseline (9dfa961000832c830729ce67e8a54357915c716a, tree 1540c2534d8052a3a8cfcffcdc2f65e4b85fc874)
PASS Stage 4 Market runtime (19 files, 137246 bytes, 37aa0b51e20f4ae86f7daf6c3c231d93b3d1f288ade1471490a1f843a57c9589, 162e9e618684a24f3db3298eb8ff2c62498b18753cd4e0b6d6b97650d0202058)
PASS Stage 4 Messenger runtime (85 files, 1312405 bytes, f6af1f961e45d785ba9c752ee670643571086c6a946843807fe6f581d11aea58, f66debf9809180d97b2bac98f5195ba24200d3b61b0d8e0e5cd423a8a7b97248)
PASS Stage 4 Home market interior (6 sections, 4553 bytes, f25c01dac38db208517047ffc0f2458e2c89868e988a6d7f68749221db106860)
PASS Stage 4 admin protected files (AdminMessages 5572589b83a8a07776d5b983777a14a91e2104f9577fa76960df5a54562a431a, TradingSettings 509dd32235e1cb98aa164940cf7722604f16b6518f7387699554bf3a828ecfaa)
PASS Stage 4 route protection (4 full/off, 3 mixed; manifest + runtime 7/7)
Stage 4 Market runtime paths:
frontend/src/components/OfferPreviewModal.vue
frontend/src/components/OffersList.vue
frontend/src/components/TradeLotSuggestionAlert.vue
frontend/src/components/ui/AppOfferCard.vue
frontend/src/components/ui/AppOfferCustomerContext.vue
frontend/src/components/ui/AppOfferEmptyState.vue
frontend/src/components/ui/AppOfferHistoryStamp.vue
frontend/src/components/ui/AppOfferLoadingSkeletonList.vue
frontend/src/components/ui/AppOfferPrice.vue
frontend/src/components/ui/AppOfferQuantityBadge.vue
frontend/src/components/ui/AppOfferSideBadge.vue
frontend/src/components/ui/AppOfferTradeErrorToast.vue
frontend/src/components/ui/AppSettlementBadge.vue
frontend/src/components/ui/AppTradeActionButton.vue
frontend/src/composables/useMarketRuntime.ts
frontend/src/composables/useOffers.ts
frontend/src/utils/offerDraftText.ts
frontend/src/utils/settlementType.ts
frontend/src/views/MarketView.vue
Stage 4 Messenger runtime paths:
frontend/src/components/AdminBroadcastModal.vue
frontend/src/components/ChatView.vue
frontend/src/components/CreateChannelView.vue
frontend/src/components/chat/AttachmentMenu.vue
frontend/src/components/chat/BlurHashCanvas.vue
frontend/src/components/chat/ChatAlbumLayout.vue
frontend/src/components/chat/ChatContextMenu.vue
frontend/src/components/chat/ChatConversationList.vue
frontend/src/components/chat/ChatEmptyState.vue
frontend/src/components/chat/ChatForwardModal.vue
frontend/src/components/chat/ChatGroupManagerModal.vue
frontend/src/components/chat/ChatHeader.vue
frontend/src/components/chat/ChatInputBar.vue
frontend/src/components/chat/ChatLightbox.vue
frontend/src/components/chat/ChatLocationModal.vue
frontend/src/components/chat/ChatMessageItem.vue
frontend/src/components/chat/ChatNewConversationModal.vue
frontend/src/components/chat/ChatSearchBottomBar.vue
frontend/src/components/chat/ChatSearchGlobalList.vue
frontend/src/components/chat/ChatSkeleton.vue
frontend/src/components/chat/ChatUserListRow.vue
frontend/src/components/chat/ChatVirtualTimeline.vue
frontend/src/components/chat/ConversationSkeleton.vue
frontend/src/components/chat/EmojiStickerPicker.vue
frontend/src/components/chat/GalleryPreviewModal.vue
frontend/src/components/chat/ImageEditorModal.vue
frontend/src/components/chat/LocationViewerModal.vue
frontend/src/components/chat/MessengerLoadingScreen.vue
frontend/src/components/chat/containers/ChatRoomContainer.vue
frontend/src/components/chat/containers/ChatShell.vue
frontend/src/components/chat/containers/ConversationListContainer.vue
frontend/src/components/chat/messages/ForwardedHeader.vue
frontend/src/components/chat/messages/MessageRenderBoundary.vue
frontend/src/components/chat/messages/ReplyPreview.vue
frontend/src/components/chat/messages/TextMessageBubble.vue
frontend/src/components/messenger-v2/MessengerRefactorShell.vue
frontend/src/composables/chat/useChatFileHandler.ts
frontend/src/composables/chat/useChatMedia.ts
frontend/src/composables/chat/useChatMessages.ts
frontend/src/composables/chat/useChatScroll.ts
frontend/src/composables/chat/useChatWebSocket.ts
frontend/src/services/chat/chatApi.ts
frontend/src/services/chat/chatCacheRepository.ts
frontend/src/services/chat/chatEventGateway.ts
frontend/src/services/chat/chatManagerCache.ts
frontend/src/services/chat/chatRoomLifecycle.ts
frontend/src/services/chatDocumentDownloadBackground.ts
frontend/src/services/chatTransferResumeHints.ts
frontend/src/services/chatUploadBackground.ts
frontend/src/stores/audio.ts
frontend/src/stores/chat/conversations.ts
frontend/src/stores/chat/messages.ts
frontend/src/stores/chat/session.ts
frontend/src/stores/chat/transfers.ts
frontend/src/stores/chat/ui.ts
frontend/src/styles/messenger-design-tokens.css
frontend/src/types/chat.ts
frontend/src/utils/accountantChatIdentity.ts
frontend/src/utils/audioRecorder.ts
frontend/src/utils/chatFiles.ts
frontend/src/utils/chatMediaDimensions.ts
frontend/src/utils/chatMediaMessagePayload.ts
frontend/src/utils/chatMediaTelemetry.ts
frontend/src/utils/chatMessagePreview.ts
frontend/src/utils/chatMessageTransferState.ts
frontend/src/utils/chatRealtimeMediaPolicy.ts
frontend/src/utils/chatRoleBadges.ts
frontend/src/utils/chatRoomRouting.ts
frontend/src/utils/chatTimelineController.ts
frontend/src/utils/chatUnread.ts
frontend/src/utils/chatVirtualTimeline.ts
frontend/src/utils/composerOverlayState.ts
frontend/src/utils/conversationListModel.ts
frontend/src/utils/emojiStickerCatalog.ts
frontend/src/utils/imagePreprocessClient.ts
frontend/src/utils/messageContextMenuModel.ts
frontend/src/utils/messageReactions.ts
frontend/src/utils/messengerDiagnosticsMetrics.ts
frontend/src/utils/messengerRefactor.ts
frontend/src/utils/messengerRolloutPolicy.ts
frontend/src/utils/shareTargetStore.ts
frontend/src/utils/sharedVisibilityObserver.ts
frontend/src/views/MessengerView.vue
frontend/src/views/ShareReceiveView.vue
frontend/src/workers/imagePreprocess.worker.ts
